// Jest Snapshot v1, https://goo.gl/fbAQLP

exports[`colorData should match snapshot 1`] = `
{
  "black": "#000000",
  "burgundy": "#800020",
  "coral": "#FF7F50",
  "gold": "#FFD700",
  "gray": "#808080",
  "lavender": "#E6E6FA",
  "maroon": "#800000",
  "mint": "#98FF98",
  "mustard": "#FFDB58",
  "navy": "#000080",
  "olive": "#808000",
  "peach": "#FFDAB9",
  "pink": "#FFC0CB",
  "purple": "#800080",
  "silver": "#C0C0C0",
  "taupe": "#483C32",
  "teal": "#008080",
  "turquoise": "#40E0D0",
  "white": "#FFFFFF",
  "yellow": "#FFFF00",
}
`;
