// Jest Snapshot v1, https://goo.gl/fbAQLP

exports[`common constants should match snapshot 1`] = `
{
  "BLOG_PER_PAGE": 10,
  "CATEGORY_PER_PAGE": 10,
  "COLOR_PER_PAGE": 100,
  "DESCREASE": "decrease",
  "INCREASE": "increase",
  "MESSAGE_PER_PAGE": 100,
  "PAYMENT_METHOD": [
    {
      "id": "COD",
      "label": "COD",
    },
    {
      "id": "VN_PAY",
      "label": "Vn Pay",
    },
  ],
  "PRODUCT_PER_PAGE": 18,
  "SIZE_PER_PAGE": 10,
  "TIME_OUT_ADD_TO_CART": 2000,
  "TOP_PRODUCTS_PER_PAGE": 100,
  "TOP_SELLING": "TOP SELLING",
  "TOP_TRENDING": "TOP TRENDING",
  "VISIBLE_PRODUCT": 18,
  "orderStatus": [
    {
      "label": "All Orders",
      "value": "all",
    },
    {
      "label": "New",
      "value": "NEW",
    },
    {
      "label": "Processing",
      "value": "PROCESSING",
    },
    {
      "label": "Packaged",
      "value": "PACKAGED",
    },
    {
      "label": "Picked",
      "value": "PICKED",
    },
    {
      "label": "Shipping",
      "value": "SHIPPING",
    },
    {
      "label": "Delivered",
      "value": "DELIVERED",
    },
    {
      "label": "Cancelled",
      "value": "CANCELLED",
    },
    {
      "label": "Refunded",
      "value": "REFUNDED",
    },
  ],
}
`;
