// Jest Snapshot v1, https://goo.gl/fbAQLP

exports[`routeConstants should match snapshot 1`] = `
{
  "AUTH": {
    "ACTIVATE_ACCOUNT": "/activate-account",
    "AUTHENTICATE": "/authenticate",
    "CHANGE_PASSWORD": "/change-password",
    "CONFIRM_EMAIL": "/confirm-email",
    "LOGIN": "/login",
    "REGISTER": "/register",
    "RESET_PASSWORD": "/reset-password",
    "RESET_PASSWORD_REQUEST": "/request-password-reset",
  },
  "BLOG": {
    "DETAIL": "/blog/:id",
    "LIST": "/blog",
  },
  "CART": "/cart",
  "CHAT": "/chat",
  "CHECKOUT": "/checkout",
  "HOME": "/",
  "ORDER": {
    "CONFIRMATION": "/order-confirmation",
    "ROOT": "/orders",
  },
  "POLICY": "/policy",
  "PRODUCT": {
    "DETAIL": "/product/:id",
  },
  "PROFILE": "/profile",
  "SEARCH": "/products",
  "VN_PAY_CHECKOUT_RESULT": "/confirm-vnpay/:statusCode",
}
`;
