// Jest Snapshot v1, https://goo.gl/fbAQLP

exports[`vton constants should match snapshot 1`] = `
{
  "BODY_PARTS": [
    "Upper-clothes",
    "Pants",
    "Skirt",
    "Dress",
    "Left-leg",
    "Right-leg",
    "Left-arm",
    "Right-arm",
  ],
  "FACE_PARTS": [
    "Face",
  ],
  "getAvailableBodyParts": [
    "Upper-clothes",
    "Skirt",
    "Pants",
    "Dress",
    "Left-shoe",
    "Right-shoe",
    "Face",
    "Left-leg",
    "Right-leg",
    "Left-arm",
    "Right-arm",
  ],
}
`;
