// Jest Snapshot v1, https://goo.gl/fbAQLP

exports[`Registration Page matches snapshot 1`] = `
<div>
  <div
    class="flex mt-20 my-8 mx-8 flex-col md:flex-row min-h-screen"
  >
    <div
      data-testid="mock-shop-info"
    >
      Shop Info Component
    </div>
    <div
      data-testid="mock-registration-form"
    >
      Registration Form Component
    </div>
  </div>
</div>
`;
