// Jest Snapshot v1, https://goo.gl/fbAQLP

exports[`CartItem matches snapshot 1`] = `
<div>
  <div
    class="bg-white rounded-[12px] p-6 border border-gray-200"
  >
    <div
      class="flex items-center"
    >
      <div
        class="flex items-center mr-4"
      >
        <input
          aria-label="Select Test Product for checkout"
          class="h-5 w-5 text-blue-600 rounded focus:ring-blue-500"
          id="item-cart-item-1"
          type="checkbox"
        />
      </div>
      <div
        class="h-20 w-20 flex-shrink-0 overflow-hidden rounded-[12px] border border-gray-200"
      >
        <img
          alt="Test Product"
          class="h-full w-full object-cover object-center"
          src="/test-image.jpg"
        />
      </div>
      <div
        class="ml-4 flex-1"
      >
        <div
          class="flex justify-between"
        >
          <div>
            <a
              class="text-lg font-medium text-gray-900 hover:text-blue-600"
              data-discover="true"
              href="/product/product-1"
            >
              Test Product
            </a>
            <p
              class="mt-1 text-sm text-gray-500"
            >
              lbl.size: M
            </p>
            <p
              class="mt-1 text-sm text-gray-500"
            >
              lbl.color
              :
               
              <button
                class="w-3 h-3 rounded-full transition-transform duration-200 hover:scale-105 py-1"
                style="background-color: rgb(255, 0, 0);"
              />
            </p>
            <p
              class="mt-2 text-md font-medium text-gray-900"
            >
              90.000
               
              ₫
            </p>
          </div>
          <div
            class="flex flex-col items-end"
          >
            <button
              class="text-red-500 hover:text-red-700"
              data-testid="remove-item-cart-item-1"
            >
              <svg
                class="lucide lucide-trash2"
                fill="none"
                height="18"
                stroke="currentColor"
                stroke-linecap="round"
                stroke-linejoin="round"
                stroke-width="2"
                viewBox="0 0 24 24"
                width="18"
                xmlns="http://www.w3.org/2000/svg"
              >
                <path
                  d="M3 6h18"
                />
                <path
                  d="M19 6v14c0 1-1 2-2 2H7c-1 0-2-1-2-2V6"
                />
                <path
                  d="M8 6V4c0-1 1-2 2-2h4c1 0 2 1 2 2v2"
                />
                <line
                  x1="10"
                  x2="10"
                  y1="11"
                  y2="17"
                />
                <line
                  x1="14"
                  x2="14"
                  y1="11"
                  y2="17"
                />
              </svg>
            </button>
            <div
              class="flex flex-end mt-4"
            >
              <div
                class="flex items-center border border-gray-300 rounded-full"
              >
                <button
                  class="w-8 h-8 flex items-center justify-center rounded-l-full hover:bg-gray-100"
                >
                  −
                </button>
                <span
                  class="w-8 text-center"
                >
                  2
                </span>
                <button
                  class="w-8 h-8 flex items-center justify-center rounded-r-full hover:bg-gray-100"
                >
                  +
                </button>
              </div>
            </div>
          </div>
        </div>
      </div>
    </div>
  </div>
</div>
`;
