// Jest Snapshot v1, https://goo.gl/fbAQLP

exports[`PolicyPage matches snapshot 1`] = `
<div>
  <div
    class="min-h-screen bg-white text-gray-800"
  >
    <div
      class="px-4 pb-12"
    >
      <div
        data-testid="mock-breadcrumb"
      >
        <span
          data-testid="breadcrumb-item-0"
        >
          Home
           - 
          /
        </span>
        <span
          data-testid="breadcrumb-item-1"
        >
          Policies
           - 
          /policy
        </span>
      </div>
      <div
        data-testid="mock-policy-content"
      >
        Our Policies
      </div>
    </div>
  </div>
</div>
`;
