// Jest Snapshot v1, https://goo.gl/fbAQLP

exports[`CommonProduct matches snapshot 1`] = `
<div>
  <section
    class="py-16 bg-gray-100"
  >
    <div
      class="px-8"
    >
      <h2
        class="text-3xl font-bold text-center mb-12"
      >
        Featured Products
      </h2>
      <div
        class="grid grid-cols-1 sm:grid-cols-2 lg:grid-cols-6 gap-2"
      >
        <div
          data-testid="product-card-1"
        >
          <div
            class="product-name"
          >
            Test Product 1
          </div>
          <div
            class="product-price"
          >
            100000
          </div>
        </div>
        <div
          data-testid="product-card-2"
        >
          <div
            class="product-name"
          >
            Test Product 2
          </div>
          <div
            class="product-price"
          >
            120000
          </div>
        </div>
      </div>
      <div
        class="text-center mt-12"
      >
        <button
          class="btn-primary border-2 border-gray-300 px-8 py-2 rounded-full hover:bg-gray-100 transition-colors mr-4"
        >
          btn.seeMore
        </button>
      </div>
    </div>
  </section>
</div>
`;
