// Jest Snapshot v1, https://goo.gl/fbAQLP

exports[`brands data should match snapshot 1`] = `
[
  {
    "logo": "VERSACE",
    "name": "Versace",
  },
  {
    "logo": "ZARA",
    "name": "Zara",
  },
  {
    "logo": "GUCCI",
    "name": "Gucci",
  },
  {
    "logo": "PRADA",
    "name": "Prada",
  },
  {
    "logo": "Calvin Klein",
    "name": "Calvin Klein",
  },
]
`;
