// Jest Snapshot v1, https://goo.gl/fbAQLP

exports[`filter data should match snapshot 1`] = `
{
  "categories": [
    {
      "id": "tshirts",
      "label": "T-shirts",
    },
    {
      "id": "shorts",
      "label": "Shorts",
    },
    {
      "id": "shirts",
      "label": "Shirts",
    },
    {
      "id": "hoodies",
      "label": "Hoodies",
    },
    {
      "id": "jeans",
      "label": "Jeans",
    },
  ],
  "colors": [
    {
      "color": "#4CAF50",
      "id": "green",
    },
    {
      "color": "#F44336",
      "id": "red",
    },
    {
      "color": "#FFEB3B",
      "id": "yellow",
    },
    {
      "color": "#FF9800",
      "id": "orange",
    },
    {
      "color": "#2196F3",
      "id": "blue",
    },
    {
      "color": "#9C27B0",
      "id": "purple",
    },
    {
      "color": "#E91E63",
      "id": "pink",
    },
    {
      "border": true,
      "color": "#FFFFFF",
      "id": "white",
    },
    {
      "color": "#000000",
      "id": "black",
    },
  ],
  "sizes": [
    {
      "id": "xxs",
      "label": "XX-Small",
    },
    {
      "id": "xs",
      "label": "X-Small",
    },
    {
      "id": "small",
      "label": "Small",
    },
    {
      "id": "medium",
      "label": "Medium",
    },
    {
      "id": "large",
      "label": "Large",
    },
    {
      "id": "xl",
      "label": "X-Large",
    },
    {
      "id": "xxl",
      "label": "XX-Large",
    },
    {
      "id": "3xl",
      "label": "3X-Large",
    },
    {
      "id": "4xl",
      "label": "4X-Large",
    },
  ],
}
`;
