// Jest Snapshot v1, https://goo.gl/fbAQLP

exports[`navbar data should match snapshot 1`] = `
{
  "navbarLinks": [
    {
      "authenticate": false,
      "label": "products",
      "path": "/products",
    },
    {
      "authenticate": true,
      "label": "chat",
      "path": "/chat",
    },
    {
      "authenticate": false,
      "label": "policy",
      "path": "/policy",
    },
    {
      "authenticate": false,
      "label": "blog",
      "path": "/blog",
    },
    {
      "authenticate": true,
      "label": "orders",
      "path": "/orders",
    },
  ],
  "navbarSearchPlaceholder": "Search for products...",
  "shopName": "ShopName",
}
`;
